// Jest Snapshot v1, https://goo.gl/fbAQLP

exports[`SearchMain should match snapshot 1`] = `
ShallowWrapper {
  "length": 1,
  Symbol(enzyme.__root__): [Circular],
  Symbol(enzyme.__unrendered__): <SearchMain
    addEvents={[Function]}
    location={
        Object {
            "address": "Denver, CO, USA",
            "coordinates": Object {
              "lat": 39.7392358,
              "lng": -104.990251,
            },
          }
    }
    onSearch={[Function]}
    removeSearch={[Function]}
/>,
  Symbol(enzyme.__renderer__): Object {
    "batchedUpdates": [Function],
    "getNode": [Function],
    "render": [Function],
    "simulateEvent": [Function],
    "unmount": [Function],
  },
  Symbol(enzyme.__node__): Object {
    "instance": null,
    "key": undefined,
    "nodeType": "host",
    "props": Object {
      "children": Array [
        <h2>
          Denver, CO, USA
</h2>,
        <NavLink
          activeClassName="active"
          ariaCurrent="true"
          to="/"
>
          CHANGE MY LOCATION
</NavLink>,
        <h3>
          Can't find what you were looking for?
</h3>,
        <form
          className="search-main-form"
          onSubmit={[Function]}
>
          <input
                    className="input-search"
                    name="eventSearch"
                    onChange={[Function]}
                    placeholder="Search for more events"
                    type="text"
                    value=""
          />
          <button>
                    SEARCH
          </button>
</form>,
      ],
      "className": "SearchMain",
    },
    "ref": null,
    "rendered": Array [
      Object {
        "instance": null,
        "key": undefined,
        "nodeType": "host",
        "props": Object {
          "children": "Denver, CO, USA",
        },
        "ref": null,
        "rendered": "Denver, CO, USA",
        "type": "h2",
      },
      Object {
        "instance": null,
        "key": undefined,
        "nodeType": "function",
        "props": Object {
          "activeClassName": "active",
          "ariaCurrent": "true",
          "children": "CHANGE MY LOCATION",
          "to": "/",
        },
        "ref": null,
        "rendered": "CHANGE MY LOCATION",
        "type": [Function],
      },
      Object {
        "instance": null,
        "key": undefined,
        "nodeType": "host",
        "props": Object {
          "children": "Can't find what you were looking for?",
        },
        "ref": null,
        "rendered": "Can't find what you were looking for?",
        "type": "h3",
      },
      Object {
        "instance": null,
        "key": undefined,
        "nodeType": "host",
        "props": Object {
          "children": Array [
            <input
              className="input-search"
              name="eventSearch"
              onChange={[Function]}
              placeholder="Search for more events"
              type="text"
              value=""
/>,
            <button>
              SEARCH
</button>,
          ],
          "className": "search-main-form",
          "onSubmit": [Function],
        },
        "ref": null,
        "rendered": Array [
          Object {
            "instance": null,
            "key": undefined,
            "nodeType": "host",
            "props": Object {
              "className": "input-search",
              "name": "eventSearch",
              "onChange": [Function],
              "placeholder": "Search for more events",
              "type": "text",
              "value": "",
            },
            "ref": null,
            "rendered": null,
            "type": "input",
          },
          Object {
            "instance": null,
            "key": undefined,
            "nodeType": "host",
            "props": Object {
              "children": "SEARCH",
            },
            "ref": null,
            "rendered": "SEARCH",
            "type": "button",
          },
        ],
        "type": "form",
      },
    ],
    "type": "div",
  },
  Symbol(enzyme.__nodes__): Array [
    Object {
      "instance": null,
      "key": undefined,
      "nodeType": "host",
      "props": Object {
        "children": Array [
          <h2>
            Denver, CO, USA
</h2>,
          <NavLink
            activeClassName="active"
            ariaCurrent="true"
            to="/"
>
            CHANGE MY LOCATION
</NavLink>,
          <h3>
            Can't find what you were looking for?
</h3>,
          <form
            className="search-main-form"
            onSubmit={[Function]}
>
            <input
                        className="input-search"
                        name="eventSearch"
                        onChange={[Function]}
                        placeholder="Search for more events"
                        type="text"
                        value=""
            />
            <button>
                        SEARCH
            </button>
</form>,
        ],
        "className": "SearchMain",
      },
      "ref": null,
      "rendered": Array [
        Object {
          "instance": null,
          "key": undefined,
          "nodeType": "host",
          "props": Object {
            "children": "Denver, CO, USA",
          },
          "ref": null,
          "rendered": "Denver, CO, USA",
          "type": "h2",
        },
        Object {
          "instance": null,
          "key": undefined,
          "nodeType": "function",
          "props": Object {
            "activeClassName": "active",
            "ariaCurrent": "true",
            "children": "CHANGE MY LOCATION",
            "to": "/",
          },
          "ref": null,
          "rendered": "CHANGE MY LOCATION",
          "type": [Function],
        },
        Object {
          "instance": null,
          "key": undefined,
          "nodeType": "host",
          "props": Object {
            "children": "Can't find what you were looking for?",
          },
          "ref": null,
          "rendered": "Can't find what you were looking for?",
          "type": "h3",
        },
        Object {
          "instance": null,
          "key": undefined,
          "nodeType": "host",
          "props": Object {
            "children": Array [
              <input
                className="input-search"
                name="eventSearch"
                onChange={[Function]}
                placeholder="Search for more events"
                type="text"
                value=""
/>,
              <button>
                SEARCH
</button>,
            ],
            "className": "search-main-form",
            "onSubmit": [Function],
          },
          "ref": null,
          "rendered": Array [
            Object {
              "instance": null,
              "key": undefined,
              "nodeType": "host",
              "props": Object {
                "className": "input-search",
                "name": "eventSearch",
                "onChange": [Function],
                "placeholder": "Search for more events",
                "type": "text",
                "value": "",
              },
              "ref": null,
              "rendered": null,
              "type": "input",
            },
            Object {
              "instance": null,
              "key": undefined,
              "nodeType": "host",
              "props": Object {
                "children": "SEARCH",
              },
              "ref": null,
              "rendered": "SEARCH",
              "type": "button",
            },
          ],
          "type": "form",
        },
      ],
      "type": "div",
    },
  ],
  Symbol(enzyme.__options__): Object {
    "adapter": ReactSixteenAdapter {
      "options": Object {
        "enableComponentDidUpdateOnSetState": true,
      },
    },
  },
}
`;
